// Jest Snapshot v1, https://goo.gl/fbAQLP

exports[`Render main components should be always the same 1`] = `undefined`;
