// Jest Snapshot v1, https://goo.gl/fbAQLP

exports[`renders contact us page 1`] = `undefined`;
