// Jest Snapshot v1, https://goo.gl/fbAQLP

exports[`renders product page 1`] = `undefined`;
